UAD fin